exports[`test Renders datepicker without crashing 1`] = `
<div
  className="formGroup inline datePickerContainer ">
  
  <label
    className="controlLabel"
    htmlFor="date-picker">
    DatePicker
  </label>
  <div
    className="innerContainer">
    <Datepicker
      className="formControl"
      disabled={false}
      id="date-picker"
      isClearable={true}
      name="date-picker"
      onChange={[Function]}
      placeholderText=""
      required={true}
      selected={null}
      showYearDropdown={true} />
    
  </div>
</div>
`;
