exports[`test Renders Modal without crashing 1`] = `
<Modal
  actionText="Ok"
  cancelText="Cancel"
  closeText="Close"
  onAction={[Function]}
  onExit={[Function]}
  open={true}
  titleText="Modal">
  <Displaced
    actionText="Ok"
    cancelText="Cancel"
    closeText="Close"
    mounted={true}
    onAction={[Function]}
    onEnter={[Function]}
    onExit={[Function]}
    open={true}
    titleText="Modal"
    underlayClass="underlay underlayHasEntered"
    verticallyCenter={true} />
</Modal>
`;
